c:\users\alexis-pc\onedrive\documentos\universidad\courses\programacion_orientada_a_objetos\fijas-para-el-parcial\model\x64\debug\model.pch
c:\users\alexis-pc\onedrive\documentos\universidad\courses\programacion_orientada_a_objetos\fijas-para-el-parcial\model\x64\debug\vc143.pdb
c:\users\alexis-pc\onedrive\documentos\universidad\courses\programacion_orientada_a_objetos\fijas-para-el-parcial\model\x64\debug\pch.obj
c:\users\alexis-pc\onedrive\documentos\universidad\courses\programacion_orientada_a_objetos\fijas-para-el-parcial\model\x64\debug\model.obj
c:\users\alexis-pc\onedrive\documentos\universidad\courses\programacion_orientada_a_objetos\fijas-para-el-parcial\model\x64\debug\assemblyinfo.obj
c:\users\alexis-pc\onedrive\documentos\universidad\courses\programacion_orientada_a_objetos\fijas-para-el-parcial\model\x64\debug\.netframework,version=v4.7.2.assemblyattributes.obj
c:\users\alexis-pc\onedrive\documentos\universidad\courses\programacion_orientada_a_objetos\fijas-para-el-parcial\x64\debug\model.dll
c:\users\alexis-pc\onedrive\documentos\universidad\courses\programacion_orientada_a_objetos\fijas-para-el-parcial\x64\debug\model.pdb
c:\users\alexis-pc\onedrive\documentos\universidad\courses\programacion_orientada_a_objetos\fijas-para-el-parcial\model\x64\debug\app.res
c:\users\alexis-pc\onedrive\documentos\universidad\courses\programacion_orientada_a_objetos\fijas-para-el-parcial\model\x64\debug\model.tlog\cl.command.1.tlog
c:\users\alexis-pc\onedrive\documentos\universidad\courses\programacion_orientada_a_objetos\fijas-para-el-parcial\model\x64\debug\model.tlog\cl.items.tlog
c:\users\alexis-pc\onedrive\documentos\universidad\courses\programacion_orientada_a_objetos\fijas-para-el-parcial\model\x64\debug\model.tlog\cl.read.1.tlog
c:\users\alexis-pc\onedrive\documentos\universidad\courses\programacion_orientada_a_objetos\fijas-para-el-parcial\model\x64\debug\model.tlog\cl.write.1.tlog
c:\users\alexis-pc\onedrive\documentos\universidad\courses\programacion_orientada_a_objetos\fijas-para-el-parcial\model\x64\debug\model.tlog\link.command.1.tlog
c:\users\alexis-pc\onedrive\documentos\universidad\courses\programacion_orientada_a_objetos\fijas-para-el-parcial\model\x64\debug\model.tlog\link.read.1.tlog
c:\users\alexis-pc\onedrive\documentos\universidad\courses\programacion_orientada_a_objetos\fijas-para-el-parcial\model\x64\debug\model.tlog\link.secondary.1.tlog
c:\users\alexis-pc\onedrive\documentos\universidad\courses\programacion_orientada_a_objetos\fijas-para-el-parcial\model\x64\debug\model.tlog\link.write.1.tlog
c:\users\alexis-pc\onedrive\documentos\universidad\courses\programacion_orientada_a_objetos\fijas-para-el-parcial\model\x64\debug\model.tlog\metagen.read.1.tlog
c:\users\alexis-pc\onedrive\documentos\universidad\courses\programacion_orientada_a_objetos\fijas-para-el-parcial\model\x64\debug\model.tlog\metagen.write.1.tlog
c:\users\alexis-pc\onedrive\documentos\universidad\courses\programacion_orientada_a_objetos\fijas-para-el-parcial\model\x64\debug\model.tlog\rc.command.1.tlog
c:\users\alexis-pc\onedrive\documentos\universidad\courses\programacion_orientada_a_objetos\fijas-para-el-parcial\model\x64\debug\model.tlog\rc.read.1.tlog
c:\users\alexis-pc\onedrive\documentos\universidad\courses\programacion_orientada_a_objetos\fijas-para-el-parcial\model\x64\debug\model.tlog\rc.write.1.tlog
